Πέτρος Μήτσος μήτσος μητσος*********** λασίθι Χρήστος χρήστος Κωστής τεστ Νοέμβριος Νοεμβρίου νοέμβριος νοεμβριος τεστ Αθήνα Μαρία θάνατοι
lolkostis11@hotmail.com
